{
  "errorCode" : "UNKNOWN_ERROR",
  "messages" : [ "Request method 'POST' not supported" ],
  "dataErrors" : [ ],
  "attributes" : {
    "traceId" : "40e1488ed0001adc",
    "exception" : "HttpRequestMethodNotSupportedException",
    "startTime" : "2020-11-27T11:17:40.095818Z"
  }
}