{
  "errorCode" : "INSUFFICIENT_STORAGE",
  "messages" : [ "507 INSUFFICIENT_STORAGE \"Insufficient storage\"; nested exception is java.io.IOException" ],
  "dataErrors" : [ ],
  "attributes" : {
    "traceId" : "40e1488ed0001adc",
    "exception" : "IOException",
    "startTime" : "2020-11-27T11:17:40.095818Z"
  }
}