{
  "errorCode" : "UNKNOWN_ERROR",
  "messages" : [ "No static resource non-existent-resource." ],
  "dataErrors" : [ ],
  "attributes" : {
    "traceId" : "40e1488ed0001adc",
    "exception" : "NoResourceFoundException",
    "startTime" : "2020-11-27T11:17:40.095818Z"
  }
}