{
  "errorCode" : "NOT_FOUND",
  "messages" : [ "Not Found" ],
  "dataErrors" : [ ],
  "attributes" : {
    "path" : "/non-existent-resource",
    "startTime" : "2020-11-27T11:17:40.095818Z",
    "traceId" : "40e1488ed0001adc"
  }
}