{
  "errorCode" : "INVALID",
  "messages" : [ "Validation failed" ],
  "dataErrors" : [ {
    "code" : "Min",
    "name" : "number",
    "value" : "3",
    "message" : "validation.lessThanAcceptedMinimum"
  }, {
    "code" : "Pattern",
    "name" : "message",
    "value" : "b",
    "message" : "validation.wrongPattern"
  }, {
    "code" : "Size",
    "name" : "message",
    "value" : "b",
    "message" : "validation.wrongSize"
  } ],
  "attributes" : {
    "traceId" : "40e1488ed0001adc",
    "exception" : "MethodArgumentNotValidException",
    "startTime" : "2020-11-27T11:17:40.095818Z"
  }
}