{
  "errorCode" : "INVALID_PARAMETER",
  "messages" : [ "Validation failed" ],
  "dataErrors" : [ {
    "code" : "Min",
    "name" : "arg0",
    "value" : "-100",
    "message" : "must be greater than or equal to 1000"
  }, {
    "code" : "Positive",
    "name" : "arg0",
    "value" : "-100",
    "message" : "must be greater than 0"
  } ],
  "attributes" : {
    "traceId" : "40e1488ed0001adc",
    "exception" : "ConstraintViolationException",
    "startTime" : "2020-11-27T11:17:40.095818Z"
  }
}