{
  "errorCode" : "INVALID_PARAMETER",
  "messages" : [ "Validation failed" ],
  "dataErrors" : [ {
    "code" : "Max",
    "name" : "someParamName",
    "value" : "abcdef",
    "message" : "must be less than or equal to 3"
  } ],
  "attributes" : {
    "traceId" : "40e1488ed0001adc",
    "exception" : "ConstraintViolationException",
    "startTime" : "2020-11-27T11:17:40.095818Z"
  }
}