{
  "errorCode" : "UNKNOWN_ERROR",
  "messages" : [ "Content type 'text/plain;charset=UTF-8' not supported" ],
  "dataErrors" : [ ],
  "attributes" : {
    "traceId" : "40e1488ed0001adc",
    "exception" : "HttpMediaTypeNotSupportedException",
    "startTime" : "2020-11-27T11:17:40.095818Z"
  }
}