{
  "errorCode" : "INVALID",
  "messages" : [ "Data missing" ],
  "dataErrors" : [ {
    "code" : "HttpMediaTypeNotSupportedException",
    "name" : "Content-Type",
    "value" : "text/plain;charset=UTF-8",
    "message" : "Content-Type 'text/plain;charset=UTF-8' is not supported"
  } ],
  "attributes" : {
    "traceId" : "40e1488ed0001adc",
    "exception" : "HttpMediaTypeNotSupportedException",
    "startTime" : "2020-11-27T11:17:40.095818Z"
  }
}